-- Automatically generated by SQLQueryTestSuite
-- Number of queries: 6


-- !query 0
select current_date = current_date(), current_timestamp = current_timestamp()
-- !query 0 schema
struct<(current_date() = current_date()):boolean,(current_timestamp() = current_timestamp()):boolean>
-- !query 0 output
true	true


-- !query 1
select to_date(null), to_date('2016-12-31'), to_date('2016-12-31', 'yyyy-MM-dd')
-- !query 1 schema
struct<to_date(NULL):date,to_date('2016-12-31'):date,to_date('2016-12-31', 'yyyy-MM-dd'):date>
-- !query 1 output
NULL	2016-12-31	2016-12-31


-- !query 2
select to_timestamp(null), to_timestamp('2016-12-31 00:12:00'), to_timestamp('2016-12-31', 'yyyy-MM-dd')
-- !query 2 schema
struct<to_timestamp(NULL):timestamp,to_timestamp('2016-12-31 00:12:00'):timestamp,to_timestamp('2016-12-31', 'yyyy-MM-dd'):timestamp>
-- !query 2 output
NULL	2016-12-31 00:12:00	2016-12-31 00:00:00


-- !query 3
select trunc(to_date('2015-07-22'), 'yyyy'), trunc(to_date('2015-07-22'), 'YYYY'),
  trunc(to_date('2015-07-22'), 'year'), trunc(to_date('2015-07-22'), 'YEAR'),
  trunc(to_date('2015-07-22'), 'yy'), trunc(to_date('2015-07-22'), 'YY')
-- !query 3 schema
struct<trunc(to_date('2015-07-22'), yyyy):date,trunc(to_date('2015-07-22'), YYYY):date,trunc(to_date('2015-07-22'), year):date,trunc(to_date('2015-07-22'), YEAR):date,trunc(to_date('2015-07-22'), yy):date,trunc(to_date('2015-07-22'), YY):date>
-- !query 3 output
2015-01-01	2015-01-01	2015-01-01	2015-01-01	2015-01-01	2015-01-01


-- !query 4
select trunc(to_date('2015-07-22'), 'month'), trunc(to_date('2015-07-22'), 'MONTH'),
  trunc(to_date('2015-07-22'), 'mon'), trunc(to_date('2015-07-22'), 'MON'),
  trunc(to_date('2015-07-22'), 'mm'), trunc(to_date('2015-07-22'), 'MM')
-- !query 4 schema
struct<trunc(to_date('2015-07-22'), month):date,trunc(to_date('2015-07-22'), MONTH):date,trunc(to_date('2015-07-22'), mon):date,trunc(to_date('2015-07-22'), MON):date,trunc(to_date('2015-07-22'), mm):date,trunc(to_date('2015-07-22'), MM):date>
-- !query 4 output
2015-07-01	2015-07-01	2015-07-01	2015-07-01	2015-07-01	2015-07-01


-- !query 5
select trunc('2015-07-22', 'DD'), trunc('2015-07-22', null), trunc(null, 'MON'), trunc(null, null)
-- !query 5 schema
struct<trunc(CAST(2015-07-22 AS DOUBLE), DD):double,trunc(CAST(2015-07-22 AS DOUBLE), CAST(NULL AS STRING)):double,trunc(CAST(NULL AS DOUBLE), MON):double,trunc(CAST(NULL AS DOUBLE), CAST(NULL AS STRING)):double>
-- !query 5 output
NULL	NULL	NULL	NULL
